DN_HistogramMode_5, nan
DN_HistogramMode_10, nan
CO_f1ecac, 0.0
CO_FirstMin_ac, 0
CO_HistogramAMI_even_2_5, nan
CO_trev_1_num, nan
MD_hrv_classic_pnn40, nan
SB_BinaryStats_mean_longstretch1, nan
SB_TransitionMatrix_3ac_sumdiagcov, nan
PD_PeriodicityWang_th0_01, 0
CO_Embed2_Dist_tau_d_expfit_meandiff, nan
IN_AutoMutualInfoStats_40_gaussian_fmmi, nan
FC_LocalSimple_mean1_tauresrat, nan
DN_OutlierInclude_p_001_mdrmd, nan
DN_OutlierInclude_n_001_mdrmd, nan
SP_Summaries_welch_rect_area_5_1, nan
SB_BinaryStats_diff_longstretch0, nan
SB_MotifThree_quantile_hh, nan
SC_FluctAnal_2_rsrangefit_50_1_logi_prop_r1, nan
SC_FluctAnal_2_dfa_50_1_2_logi_prop_r1, nan
SP_Summaries_welch_rect_centroid, nan
FC_LocalSimple_mean3_stderr, nan
DN_Mean, nan
DN_Spread_Std, nan
