DN_HistogramMode_5, 0.022699494958050126
DN_HistogramMode_10, 0.022699494958050237
CO_f1ecac, 2.675241846131576
CO_FirstMin_ac, 8
CO_HistogramAMI_even_2_5, 1.366158847569202
CO_trev_1_num, 0.019643781964449922
MD_hrv_classic_pnn40, 1.0
SB_BinaryStats_mean_longstretch1, 5.0
SB_TransitionMatrix_3ac_sumdiagcov, 0.16666666666666669
PD_PeriodicityWang_th0_01, 0
CO_Embed2_Dist_tau_d_expfit_meandiff, 0.5115250313179017
IN_AutoMutualInfoStats_40_gaussian_fmmi, 6.0
FC_LocalSimple_mean1_tauresrat, 0.6
DN_OutlierInclude_p_001_mdrmd, 0.75
DN_OutlierInclude_n_001_mdrmd, -0.5833333333333333
SP_Summaries_welch_rect_area_5_1, 2.3111159332646834e-33
SB_BinaryStats_diff_longstretch0, 1.0
SB_MotifThree_quantile_hh, 1.499030672979008
SC_FluctAnal_2_rsrangefit_50_1_logi_prop_r1, 0.0
SC_FluctAnal_2_dfa_50_1_2_logi_prop_r1, 0.0
SP_Summaries_welch_rect_centroid, 0.39269908169875
FC_LocalSimple_mean3_stderr, 0.05070841167816654
DN_Mean, -0.6614475000000001
DN_Spread_Std, 0.16002558676803702
