DN_HistogramMode_5, 1.272928076609852
DN_HistogramMode_10, -1.1275857573774708
CO_f1ecac, 119.7407960033787
CO_FirstMin_ac, 2
CO_HistogramAMI_even_2_5, 1.0794999556793812
CO_trev_1_num, -0.00017509308632170917
MD_hrv_classic_pnn40, 0.822
SB_BinaryStats_mean_longstretch1, 301.0
SB_TransitionMatrix_3ac_sumdiagcov, 0.010058966354491846
PD_PeriodicityWang_th0_01, 628
CO_Embed2_Dist_tau_d_expfit_meandiff, 1.646296334381124
IN_AutoMutualInfoStats_40_gaussian_fmmi, 1.0
FC_LocalSimple_mean1_tauresrat, 0.00625
DN_OutlierInclude_p_001_mdrmd, -0.13777244551089785
DN_OutlierInclude_n_001_mdrmd, 0.13687262547490497
SP_Summaries_welch_rect_area_5_1, 0.9881722135827378
SB_BinaryStats_diff_longstretch0, 6.0
SB_MotifThree_quantile_hh, 1.3822582203002276
SC_FluctAnal_2_rsrangefit_50_1_logi_prop_r1, 0.7755102040816326
SC_FluctAnal_2_dfa_50_1_2_logi_prop_r1, 0.6938775510204082
SP_Summaries_welch_rect_centroid, 0.009970875121257324
FC_LocalSimple_mean3_stderr, 0.1405113420984411
DN_Mean, 0.15152112682263552
DN_Spread_Std, 0.7152912579336829
