DN_HistogramMode_5, -0.6147991148452683
DN_HistogramMode_10, -0.7822544655522088
CO_f1ecac, 32.502605476936466
CO_FirstMin_ac, 77
CO_HistogramAMI_even_2_5, 1.0063890779937608
CO_trev_1_num, 1.782472611547055e-05
MD_hrv_classic_pnn40, 0.31970260223048325
SB_BinaryStats_mean_longstretch1, 88.0
SB_TransitionMatrix_3ac_sumdiagcov, 0.08000000000000003
PD_PeriodicityWang_th0_01, 0
CO_Embed2_Dist_tau_d_expfit_meandiff, 7.135078608788558
IN_AutoMutualInfoStats_40_gaussian_fmmi, 40.0
FC_LocalSimple_mean1_tauresrat, 0.8478260869565217
DN_OutlierInclude_p_001_mdrmd, 0.40740740740740744
DN_OutlierInclude_n_001_mdrmd, -0.23703703703703705
SP_Summaries_welch_rect_area_5_1, 0.9931387788742458
SB_BinaryStats_diff_longstretch0, 83.0
SB_MotifThree_quantile_hh, 1.2105878172438547
SC_FluctAnal_2_rsrangefit_50_1_logi_prop_r1, 0.29545454545454547
SC_FluctAnal_2_dfa_50_1_2_logi_prop_r1, 0.75
SP_Summaries_welch_rect_centroid, 0.03681553890925782
FC_LocalSimple_mean3_stderr, 0.08029384289850561
DN_Mean, 6.629629630046425e-07
DN_Spread_Std, 1.0000008915394991
